// Jest Snapshot v1, https://goo.gl/fbAQLP

exports[`NutritionListPage should reset list 1`] = `"<div class=\\"fl w-100 bg-light-gray\\"><div class=\\"flex flex-row justify-between\\"><span class=\\"f1 fw6\\">Nutrition List</span><span class=\\"f6 link dim br1 ph3 pv2 mb2 dib white bg-dark-green ba b--blue bw2 fw6\\"><i class=\\"fa fa-refresh ma2\\" aria-hidden=\\"true\\"></i>Reset Data</span></div><div class=\\"bg-washed-red fw6 flex flex-row justify-between\\"><p class=\\"purple v-mid ml2\\">0 selected</p><div class=\\"w-30 flex flex-row items-end\\"><span class=\\"f6 link dim br1 ph3 pv2 mb2 dib dark-green bg-white ma2\\"><i class=\\"fa fa-plus mr2\\" aria-hidden=\\"true\\"></i>ADD NEW</span><span class=\\"f6 link br1 ph3 pv2 mb2 dib dark-green bg-white ma2 disabled\\"><i class=\\"fa fa-trash mr2\\" aria-hidden=\\"true\\"></i>DELETE</span></div></div><table class=\\"f6 w-100 mw8 center\\"><thead><tr><th class=\\"fw6 bb b--black-20 tl pb3 pr3 bg-white\\"><input type=\\"checkbox\\"></th><th class=\\"fw6 bb b--black-20 tl pb3 pr3 bg-white\\">Dessert (100g serving)</th><th class=\\"fw6 bb b--black-20 tl pb3 pr3 bg-white\\">Calories</th><th class=\\"fw6 bb b--black-20 tl pb3 pr3 bg-white\\">Fat (g)</th><th class=\\"fw6 bb b--black-20 tl pb3 pr3 bg-white\\">Carbs (g)</th><th class=\\"fw6 bb b--black-20 tl pb3 pr3 bg-white\\">Protein (g)</th></tr></thead><tbody class=\\"lh-copy\\"><tr><td class=\\"pv3 pr3 bb b--black-20\\"><input type=\\"checkbox\\"></td><td class=\\"pv3 pr3 bb b--black-20\\">Oreo</td><td class=\\"pv3 pr3 bb b--black-20\\">437</td><td class=\\"pv3 pr3 bb b--black-20\\">18</td><td class=\\"pv3 pr3 bb b--black-20\\">63</td><td class=\\"pv3 pr3 bb b--black-20\\">4</td></tr><tr><td class=\\"pv3 pr3 bb b--black-20\\"><input type=\\"checkbox\\"></td><td class=\\"pv3 pr3 bb b--black-20\\">Nougat</td><td class=\\"pv3 pr3 bb b--black-20\\">360</td><td class=\\"pv3 pr3 bb b--black-20\\">19</td><td class=\\"pv3 pr3 bb b--black-20\\">9</td><td class=\\"pv3 pr3 bb b--black-20\\">37</td></tr><tr><td class=\\"pv3 pr3 bb b--black-20\\"><input type=\\"checkbox\\"></td><td class=\\"pv3 pr3 bb b--black-20\\">Ice Cream</td><td class=\\"pv3 pr3 bb b--black-20\\">140</td><td class=\\"pv3 pr3 bb b--black-20\\">7</td><td class=\\"pv3 pr3 bb b--black-20\\">16</td><td class=\\"pv3 pr3 bb b--black-20\\">2</td></tr></tbody></table></div>"`;
